---
source: tests/tui_snapshots.rs
expression: render(&mut app)
---
┌ rep_snapshot_gutter_insert.md  1I ───────────────────────────────────┐
│+ Ship the binary installer.                                          │
│                                                                      │
│                                                                      │
│                                                                      │
│                                                                      │
│                                                                      │
│                                                                      │
│                                                                      │
│                                                                      │
│                                                                      │
│                                                                      │
│                                                                      │
│                                                                      │
│                                                                      │
│                                                                      │
│                                                                      │
│                                                                      │
│                                                                      │
│                                                                      │
└──────────────────────────────────────────────────────────────────────┘
 mode: sentence                  Insert before saved on node 1 (line 1).
