---
source: tests/tui_snapshots.rs
expression: render(&mut app)
---
┌ rep_snapshot_gutter_feedback.md  1F ─────────────────────────────────┐
│F Ship the binary installer.                                          │
│                                                                      │
│                                                                      │
│                                                                      │
│                                                                      │
│                                                                      │
│                                                                      │
│                                                                      │
│                                                                      │
│                                                                      │
│                                                                      │
│                                                                      │
│                                                                      │
│                                                                      │
│                                                                      │
│                                                                      │
│                                                                      │
│                                                                      │
│                                                                      │
└──────────────────────────────────────────────────────────────────────┘
 mode: sentence                       Feedback saved on node 1 (line 1).
