---
source: tests/tui_snapshots.rs
expression: render(&mut app)
---
┌ rep_snapshot_quit_confirmation.md ───────────────────────────────────┐
│  # Release Plan                                                      │
│                                                                      │
│  Ship the binary installer.                                          │
│                                                                      │
│                                                                      │
│                                                                      │
│             ┌ Quit ────────────────────────────────────┐             │
│             │Are you sure?                             │             │
│             │                                          │             │
│             │Results will be printed to stdout.        │             │
│             │                                          │             │
│             │y / Enter confirm   n / Esc cancel        │             │
│             └──────────────────────────────────────────┘             │
│                                                                      │
│                                                                      │
│                                                                      │
│                                                                      │
│                                                                      │
│                                                                      │
└──────────────────────────────────────────────────────────────────────┘
 mode: sentence      Loaded file. Press q to quit and print annotations.
